doesnt-exist.md
tests/engine/page1.md
tests/engine/page3.txt
tests/engine/page4.txt
